// Jest Snapshot v1, https://goo.gl/fbAQLP

exports[`Checkbox tests should render 1`] = `
<DocumentFragment>
  <label
    class="css-nk90wc"
  >
    <input
      id="ffbe76c8b43958"
      type="checkbox"
    />
    <label
      class="css-jd1t7w"
      for="ffbe76c8b43958"
    >
      âœ“
    </label>
  </label>
</DocumentFragment>
`;
