// Jest Snapshot v1, https://goo.gl/fbAQLP

exports[`Button tests should render 1`] = `
<DocumentFragment>
  <button
    class="css-odwgcq"
    color="primary"
  >
    Test Button
  </button>
</DocumentFragment>
`;
