// Jest Snapshot v1, https://goo.gl/fbAQLP

exports[`StyledLink tests should render 1`] = `
<DocumentFragment>
  <a
    class="css-nzbn0p"
    href="test-link"
  >
    Link Test
  </a>
</DocumentFragment>
`;
